09:00:55 **** Build of configuration Debug for project memor_test ****
make all 
'Building file: ../src/memory_config_g.c'
'Invoking: MicroBlaze gcc compiler'
mb-gcc -Wall -O0 -g3 -c -fmessage-length=0 -I../../memory_bsp/microblaze_0/include -mxl-barrel-shift -mxl-pattern-compare -mcpu=v8.50.c -mno-xl-soft-mul -Wl,--no-relax -ffunction-sections -fdata-sections -MMD -MP -MF"src/memory_config_g.d" -MT"src/memory_config_g.d" -o "src/memory_config_g.o" "../src/memory_config_g.c"
'Finished building: ../src/memory_config_g.c'
' '
'Building file: ../src/memorytest.c'
'Invoking: MicroBlaze gcc compiler'
mb-gcc -Wall -O0 -g3 -c -fmessage-length=0 -I../../memory_bsp/microblaze_0/include -mxl-barrel-shift -mxl-pattern-compare -mcpu=v8.50.c -mno-xl-soft-mul -Wl,--no-relax -ffunction-sections -fdata-sections -MMD -MP -MF"src/memorytest.d" -MT"src/memorytest.d" -o "src/memorytest.o" "../src/memorytest.c"
'Finished building: ../src/memorytest.c'
' '
'Building file: ../src/platform.c'
'Invoking: MicroBlaze gcc compiler'
mb-gcc -Wall -O0 -g3 -c -fmessage-length=0 -I../../memory_bsp/microblaze_0/include -mxl-barrel-shift -mxl-pattern-compare -mcpu=v8.50.c -mno-xl-soft-mul -Wl,--no-relax -ffunction-sections -fdata-sections -MMD -MP -MF"src/platform.d" -MT"src/platform.d" -o "src/platform.o" "../src/platform.c"
'Finished building: ../src/platform.c'
' '
'Building target: memor_test.elf'
'Invoking: MicroBlaze gcc linker'
mb-gcc -Wl,-T -Wl,../src/lscript.ld -L../../memory_bsp/microblaze_0/lib -mxl-barrel-shift -mxl-pattern-compare -mcpu=v8.50.c -mno-xl-soft-mul -Wl,--no-relax -Wl,--gc-sections -o "memor_test.elf"  ./src/memory_config_g.o ./src/memorytest.o ./src/platform.o   -Wl,--start-group,-lxil,-lgcc,-lc,--end-group
'Finished building target: memor_test.elf'
' '
'Invoking: MicroBlaze Print Size'
mb-size memor_test.elf  |tee "memor_test.elf.size"
   text	   data	    bss	    dec	    hex	filename
   6218	    292	   1074	   7584	   1da0	memor_test.elf
'Finished building: memor_test.elf.size'
' '
'Invoking: Xilinx ELF Check'
elfcheck memor_test.elf -hw ../../EDK_hw_platform/system.xml -pe microblaze_0  |tee "memor_test.elf.elfcheck"
elfcheck
Xilinx EDK 14.7 Build EDK_P.20131013
Copyright (c) 1995-2012 Xilinx, Inc.  All rights reserved.

Command Line: elfcheck -hw ../../EDK_hw_platform/system.xml -pe microblaze_0
memor_test.elf 

ELF file	: memor_test.elf
elfcheck passed.
'Finished building: memor_test.elf.elfcheck'
' '

09:00:58 Build Finished (took 2s.853ms)

