09:01:48 **** Build of configuration Debug for project test ****
make all 
'Building file: ../src/testperiph.c'
'Invoking: MicroBlaze gcc compiler'
mb-gcc -Wall -O0 -g3 -c -fmessage-length=0 -I../../test_bsp/microblaze_0/include -mxl-barrel-shift -mxl-pattern-compare -mcpu=v8.50.c -mno-xl-soft-mul -Wl,--no-relax -ffunction-sections -fdata-sections -MMD -MP -MF"src/testperiph.d" -MT"src/testperiph.d" -o "src/testperiph.o" "../src/testperiph.c"
'Finished building: ../src/testperiph.c'
' '
'Building file: ../src/xgpio_tapp_example.c'
'Invoking: MicroBlaze gcc compiler'
mb-gcc -Wall -O0 -g3 -c -fmessage-length=0 -I../../test_bsp/microblaze_0/include -mxl-barrel-shift -mxl-pattern-compare -mcpu=v8.50.c -mno-xl-soft-mul -Wl,--no-relax -ffunction-sections -fdata-sections -MMD -MP -MF"src/xgpio_tapp_example.d" -MT"src/xgpio_tapp_example.d" -o "src/xgpio_tapp_example.o" "../src/xgpio_tapp_example.c"
../src/xgpio_tapp_example.c: In function 'GpioOutputExample':
../src/xgpio_tapp_example.c:182:6: warning: unused variable 'Data' [-Wunused-variable]
'Finished building: ../src/xgpio_tapp_example.c'
' '
'Building file: ../src/xuartlite_selftest_example.c'
'Invoking: MicroBlaze gcc compiler'
mb-gcc -Wall -O0 -g3 -c -fmessage-length=0 -I../../test_bsp/microblaze_0/include -mxl-barrel-shift -mxl-pattern-compare -mcpu=v8.50.c -mno-xl-soft-mul -Wl,--no-relax -ffunction-sections -fdata-sections -MMD -MP -MF"src/xuartlite_selftest_example.d" -MT"src/xuartlite_selftest_example.d" -o "src/xuartlite_selftest_example.o" "../src/xuartlite_selftest_example.c"
'Finished building: ../src/xuartlite_selftest_example.c'
' '
'Building target: test.elf'
'Invoking: MicroBlaze gcc linker'
mb-gcc -Wl,-T -Wl,../src/lscript.ld -L../../test_bsp/microblaze_0/lib -mxl-barrel-shift -mxl-pattern-compare -mcpu=v8.50.c -mno-xl-soft-mul -Wl,--no-relax -Wl,--gc-sections -o "test.elf"  ./src/testperiph.o ./src/xgpio_tapp_example.o ./src/xuartlite_selftest_example.o   -Wl,--start-group,-lxil,-lgcc,-lc,--end-group
'Finished building target: test.elf'
' '
'Invoking: MicroBlaze Print Size'
mb-size test.elf  |tee "test.elf.size"
   text	   data	    bss	    dec	    hex	filename
   8986	    356	   2210	  11552	   2d20	test.elf
'Finished building: test.elf.size'
' '
'Invoking: Xilinx ELF Check'
elfcheck test.elf -hw ../../EDK_hw_platform/system.xml -pe microblaze_0  |tee "test.elf.elfcheck"
elfcheck
Xilinx EDK 14.7 Build EDK_P.20131013
Copyright (c) 1995-2012 Xilinx, Inc.  All rights reserved.

Command Line: elfcheck -hw ../../EDK_hw_platform/system.xml -pe microblaze_0
test.elf 

ELF file	: test.elf
elfcheck passed.
'Finished building: test.elf.elfcheck'
' '

09:01:51 Build Finished (took 3s.62ms)

